[lasik2c.com/index.html]
[backblue.gif]
[fade.gif]
[index.html]
[lasik2c.com/plugins/system/jcemediabox/css/jcemediabox6eba.css]
[lasik2c.com/plugins/system/jcemediabox/themes/light/css/styled565.css]
[lasik2c.com/indexc0d0.html]
[lasik2c.com/plugins/system/rokbox/assets/styles/rokbox.css]
[lasik2c.com/libraries/gantry/css/grid-12.css]
[lasik2c.com/templates/rt_diametric/css-compiled/master.css]
[lasik2c.com/index7b17.html]
[lasik2c.com/templates/rt_diametric/css/gantry-core.css]
[lasik2c.com/templates/rt_diametric/css/joomla-core.css]
[lasik2c.com/templates/rt_diametric/css/overlays.css]
[lasik2c.com/templates/rt_diametric/css/body-light.css]
[lasik2c.com/templates/rt_diametric/css/menu-light.css]
[lasik2c.com/templates/rt_diametric/css/typography.css]
[lasik2c.com/templates/rt_diametric/css/extensions.css]
[lasik2c.com/templates/rt_diametric/css/demo-styles.css]
[lasik2c.com/templates/rt_diametric/css/template.css]
[lasik2c.com/templates/rt_diametric/css/owl.carousel.css]
[lasik2c.com/templates/rt_diametric/css/owl.theme.css]
[lasik2c.com/templates/rt_diametric/css/fusionmenu.css]
[lasik2c.com/media/com_acymailing/css/module_default.css]
[lasik2c.com/modules/mod_bt_googlemaps/tmpl/css/style.css]
[lasik2c.com/modules/mod_djimageslider/assets/slimbox/css/slimbox.css]
[lasik2c.com/modules/mod_djimageslider/assets/style.css]
[lasik2c.com/templates/rt_diametric/roksprocket/layouts/tabs/themes/default/tabs.css]
[lasik2c.com/modules/mod_news_show_sp2/assets/css/mod_news_show_sp2.css]
[lasik2c.com/modules/mod_uniteswitcher/tmpl/transparent.css]
[lasik2c.com/modules/mod_rokajaxsearch/css/rokajaxsearch.css]
[lasik2c.com/modules/mod_rokajaxsearch/themes/blue/rokajaxsearch-theme.css]
[lasik2c.com/media/jui/js/jquery-noconflict.js]
[lasik2c.com/media/jui/js/jquery-migrate.min.js]
[lasik2c.com/media/system/js/caption.js]
[lasik2c.com/media/jui/js/jquery.min.js]
[lasik2c.com/media/system/js/core.js]
[lasik2c.com/plugins/system/jcemediabox/js/jcemediabox0343.js]
[lasik2c.com/libraries/gantry/js/gantry-totop.js]
[lasik2c.com/libraries/gantry/js/gantry-smartload.js]
[lasik2c.com/libraries/gantry/js/gantry-buildspans.js]
[lasik2c.com/plugins/system/rokbox/assets/js/rokbox.js]
[lasik2c.com/media/system/js/mootools-core.js]
[lasik2c.com/libraries/gantry/js/gantry-inputs.js]
[lasik2c.com/libraries/gantry/js/browser-engines.js]
[lasik2c.com/templates/rt_diametric/js/load-transition.js]
[lasik2c.com/media/com_acymailing/js/acymailing_module.js]
[lasik2c.com/modules/mod_roknavmenu/themes/fusion/js/fusion.js]
[lasik2c.com/templates/rt_diametric/js/owl.carousel.js]
[lasik2c.com/modules/mod_bt_googlemaps/tmpl/js/btbase64.min.js]
[lasik2c.com/media/system/js/mootools-more.js]
[lasik2c.com/modules/mod_bt_googlemaps/tmpl/js/default.js]
[lasik2c.com/modules/mod_djimageslider/assets/slimbox/js/slimbox.js]
[lasik2c.com/modules/mod_djimageslider/assets/powertools-1.2.0.js]
[lasik2c.com/modules/mod_djimageslider/assets/slider.js]
[lasik2c.com/components/com_roksprocket/assets/js/mootools-mobile.js]
[lasik2c.com/components/com_roksprocket/assets/js/rokmediaqueries.js]
[lasik2c.com/components/com_roksprocket/assets/js/roksprocket.js]
[lasik2c.com/components/com_roksprocket/layouts/tabs/themes/default/tabs.js]
[lasik2c.com/modules/mod_news_show_sp2/assets/js/nssp2.js]
[lasik2c.com/modules/mod_rokajaxsearch/js/rokajaxsearch.js]
[lasik2c.com/plugins/system/videobox/css/videobox.css]
[lasik2c.com/libraries/videobox/css/videobox.css]
[lasik2c.com/libraries/videobox/css/functions.css]
[lasik2c.com/libraries/videobox/js/videobox.js]
[lasik2c.fireflycollab.com/modules/mod_uniteswitcher/tmpl/images/default/us.gif]
[lasik2c.com/libraries/videobox/js/functions.js]
[lasik2c.com/modules/mod_uniteswitcher/tmpl/images/default/es.gif]
[lasik2c.com/modules/mod_uniteswitcher/tmpl/images/default/us.gif]
[lasik2c.com/libraries/videobox/js/jquery.min.js]
[lasik2c.com/practice/meet-the-doctors.html]
[lasik2c.com/practice/co-managing-optometrists.html]
[lasik2c.com/practice/the-ultravision-lifetime-pledge.html]
[lasik2c.com/practice/our-locations.html]
[lasik2c.com/practice/photos.html]
[lasik2c.com/practice/clients.html]
[lasik2c.com/practice/career-opportunities.html]
[lasik2c.com/practice/blog.html]
[lasik2c.com/procedures/ophthalmology.html]
[lasik2c.com/procedures/keratoconus.html]
[lasik2c.com/procedures/ultraoptik.html]
[lasik2c.com/procedures/intralase-technology.html]
[lasik2c.com/lasik.html]
[lasik2c.com/lasik/am-i-a-candidate.html]
[lasik2c.com/lasik/zyoptix.html]
[lasik2c.com/lasik/intralase.html]
[lasik2c.com/lasik/wavefront-comparison-chart.html]
[lasik2c.com/lasik/the-bausch-lomb-laser.html]
[lasik2c.com/lasik/frequently-asked-questions-about-zyoptix.html]
[lasik2c.com/lasik/lasik-alternatives.html]
[lasik2c.com/index-2.html]
[lasik2c.com/testimonials.html]
[lasik2c.com/payments.html]
[lasik2c.com/images/slider/banner1.jpg]
[lasik2c.com/images/slider/banner4.jpg]
[lasik2c.com/contact-us.html]
[lasik2c.com/images/slider/sea.png]
[lasik2c.com/images/slider/tomy_starck_02.png]
[lasik2c.com/cache/mod_news_show_sp2/nssp2_thumbs/219/news1.png]
[lasik2c.com/18-latest-news/87-we-ve-partnered-with-vsp-insurance.html]
[lasik2c.com/18-latest-news/84-corneal-transplant-patient-thanks-ultravision.html]
[lasik2c.com/cache/mod_news_show_sp2/nssp2_thumbs/219/corneal_transplant_patient.jpg]
[lasik2c.com/cache/mod_news_show_sp2/nssp2_thumbs/219/news2.png]
[lasik2c.com/18-latest-news/83-cataract-surgery-by-dr-tomy-starck-in-san-antonio-kens-5-interviewcataract-surgery-by-dr-tomy-starck-in-san-antonio-kens-5-interview-2012.html]
[lasik2c.com/images/features/1.png]
[lasik2c.com/images/features/4.png]
[lasik2c.com/images/features/3.png]
[lasik2c.com/images/features/2.png]
[lasik2c.com/images/spsimpleportfolio/dr-john-day-testimonial/Dr_John_Day_600x400.jpg]
[lasik2c.com/images/spsimpleportfolio/dr-chu-testimonial/Dr_Chu_600x400.jpg]
[lasik2c.com/images/spsimpleportfolio/dr-chu-dr-patel/Dr_Chu_Dr_Patel_600x400.jpg]
[lasik2c.com/images/spsimpleportfolio/dr-michelle-cantu-testimonial/Dr_Michelle_Cantu_600x400.jpg]
[lasik2c.com/images/payment_options/logo-care-credit.png]
[lasik2c.com/images/payment_options/logo-care-credit-calculator.png]
[lasik2c.com/images/Forms/cornea_packet_2014.pdf]
[lasik2c.com/images/Forms/lasik_patient_packet.doc]
[lasik2c.com/e-scheduler.html]
[lasik2c.com/images/scheduler.png]
[lasik2c.com/images/next.png]
[lasik2c.com/images/social/1.png]
[lasik2c.com/images/social/2.png]
[lasik2c.com/images/social/3.png]
[lasik2c.com/images/social/4.png]
[lasik2c.com/index.php/en/testimonials]
[lasik2c.com/index.php/lasik/am-i-a-candidate.html]
[lasik2c.com/index.php/en/faq]
[lasik2c.com/index.html]
[lasik2c.com/plugins/system/jcemediabox/img/broken-image.png]
[lasik2c.com/plugins/system/jcemediabox/img/broken-media.png]
[lasik2c.com/plugins/system/jcemediabox/img/broken-page.png]
[lasik2c.com/plugins/system/jcemediabox/img/zoom-img.png]
[lasik2c.com/plugins/system/jcemediabox/css/jcemediabox6eba.css]
[lasik2c.com/plugins/system/jcemediabox/img/zoom-link.gif]
[lasik2c.com/plugins/system/jcemediabox/themes/light/img/loader.gif]
[lasik2c.com/plugins/system/jcemediabox/themes/light/img/close.gif]
[lasik2c.com/plugins/system/jcemediabox/themes/light/img/prev.gif]
[lasik2c.com/plugins/system/jcemediabox/themes/light/img/next.gif]
[lasik2c.com/plugins/system/jcemediabox/themes/light/img/tip-tl.png]
[lasik2c.com/plugins/system/jcemediabox/themes/light/img/tip-tr.png]
[lasik2c.com/plugins/system/jcemediabox/themes/light/img/tip-bl.png]
[lasik2c.com/plugins/system/jcemediabox/themes/light/img/tip-br.png]
[lasik2c.com/plugins/system/jcemediabox/themes/light/img/tip-tl.gif]
[lasik2c.com/plugins/system/jcemediabox/themes/light/img/tip-tr.gif]
[lasik2c.com/plugins/system/jcemediabox/themes/light/img/tip-bl.gif]
[lasik2c.com/plugins/system/jcemediabox/themes/light/img/tip-br.gif]
[lasik2c.com/plugins/system/jcemediabox/themes/light/css/styled565.css]
[lasik2c.com/plugins/system/rokbox/assets/fonts/rokbox.eot]
[lasik2c.com/plugins/system/rokbox/assets/styles/rokbox.css]
[lasik2c.com/libraries/gantry/css/grid-12.css]
[lasik2c.com/libraries/gantry/assets/jui/fonts/fontawesome-webfontf77b.eot]
[lasik2c.com/libraries/gantry/assets/jui/fonts/fontawesome-webfontd41d.eot]
[lasik2c.com/libraries/gantry/assets/jui/fonts/fontawesome-webfontf77b.woff]
[lasik2c.com/libraries/gantry/assets/jui/fonts/fontawesome-webfontf77b.ttf]
[lasik2c.com/templates/rt_diametric/css-compiled/master.css]
[lasik2c.com/libraries/gantry/images/iphone/switcher.png]
[lasik2c.com/templates/rt_diametric/css/gantry-core.css]
[lasik2c.com/templates/rt_diametric/images/spinner.gif]
[lasik2c.com/templates/rt_diametric/images/overlays/light/article-icons.png]
[lasik2c.com/templates/rt_diametric/images/home.png]
[lasik2c.com/templates/system/images/selector-arrow.png]
[openid.net/images/login-bg.gif]
[lasik2c.com/templates/rt_diametric/css/joomla-core.css]
[lasik2c.com/templates/rt_diametric/images/overlays/patterns/leather.png]
[lasik2c.com/templates/rt_diametric/images/overlays/patterns/denim.png]
[lasik2c.com/templates/rt_diametric/images/overlays/patterns/diagonal.png]
[lasik2c.com/templates/rt_diametric/images/overlays/patterns/grip.png]
[lasik2c.com/templates/rt_diametric/images/overlays/patterns/metal.png]
[lasik2c.com/templates/rt_diametric/images/overlays/patterns/plaid-fabric.png]
[lasik2c.com/templates/rt_diametric/images/overlays/patterns/planks.png]
[lasik2c.com/templates/rt_diametric/images/overlays/patterns/ravenna.png]
[lasik2c.com/templates/rt_diametric/images/overlays/patterns/rough-fabric.png]
[lasik2c.com/templates/rt_diametric/images/overlays/patterns/rubber.png]
[lasik2c.com/templates/rt_diametric/images/overlays/patterns/vertical-linen.png]
[lasik2c.com/templates/rt_diametric/images/overlays/patterns/wood.png]
[lasik2c.com/templates/rt_diametric/images/overlays/patterns/woven-fabric.png]
[lasik2c.com/templates/rt_diametric/images/overlays/patterns/carbon.png]
[lasik2c.com/templates/rt_diametric/images/overlays/patterns/dustnscratches.png]
[lasik2c.com/templates/rt_diametric/images/overlays/patterns/elegant.png]
[lasik2c.com/templates/rt_diametric/images/overlays/patterns/grunge.png]
[lasik2c.com/templates/rt_diametric/images/overlays/patterns/noise.png]
[lasik2c.com/templates/rt_diametric/images/overlays/patterns/plaid.png]
[lasik2c.com/templates/rt_diametric/images/overlays/patterns/textile.png]
[lasik2c.com/templates/rt_diametric/images/overlays/patterns/paint-splatter.png]
[lasik2c.com/templates/rt_diametric/images/overlays/patterns/squares.png]
[lasik2c.com/templates/rt_diametric/images/overlays/light/readon.png]
[lasik2c.com/templates/rt_diametric/images/overlays/light/arrows.png]
[lasik2c.com/templates/rt_diametric/images/overlays/light/rokinputs.png]
[lasik2c.com/templates/rt_diametric/images/overlays/dark/readon.png]
[lasik2c.com/templates/rt_diametric/images/overlays/dark/arrows.png]
[lasik2c.com/templates/rt_diametric/images/overlays/dark/rokinputs.png]
[lasik2c.com/templates/rt_diametric/images/overlays/light/feature-separator.png]
[lasik2c.com/templates/rt_diametric/images/overlays/light/feature-top-overlay.png]
[lasik2c.com/templates/rt_diametric/images/overlays/light/feature-bottom-overlay.png]
[lasik2c.com/templates/rt_diametric/images/overlays/dark/feature-top-overlay.png]
[lasik2c.com/templates/rt_diametric/images/overlays/dark/feature-bottom-overlay.png]
[lasik2c.com/templates/rt_diametric/images/overlays/light/ripped-paper-divider.png]
[lasik2c.com/templates/rt_diametric/images/overlays/light/bottom-flare.png]
[lasik2c.com/templates/rt_diametric/images/overlays/dark/ripped-paper-divider.png]
[lasik2c.com/templates/rt_diametric/images/overlays/dark/bottom-flare.png]
[lasik2c.com/templates/rt_diametric/images/overlays/light/cord-divisor-pattern.png]
[lasik2c.com/templates/rt_diametric/images/overlays/light/rocket.png]
[lasik2c.com/templates/rt_diametric/images/overlays/light/totop.png]
[lasik2c.com/templates/rt_diametric/images/overlays/dark/cord-divisor-pattern.png]
[lasik2c.com/templates/rt_diametric/images/overlays/dark/rocket.png]
[lasik2c.com/templates/rt_diametric/images/overlays/dark/totop.png]
[lasik2c.com/templates/rt_diametric/images/overlays/dark-15.png]
[lasik2c.com/templates/rt_diametric/images/overlays/light/nav-lines.png]
[lasik2c.com/templates/rt_diametric/images/overlays/dark-60.png]
[lasik2c.com/templates/rt_diametric/images/overlays/light/title3.png]
[lasik2c.com/templates/rt_diametric/images/overlays/light/grid1-title1.png]
[lasik2c.com/templates/rt_diametric/images/overlays/light/grid2-title1.png]
[lasik2c.com/templates/rt_diametric/images/overlays/light/grid3-title1.png]
[lasik2c.com/templates/rt_diametric/images/overlays/light/grid4-title1.png]
[lasik2c.com/templates/rt_diametric/images/overlays/light/grid5-title1.png]
[lasik2c.com/templates/rt_diametric/images/overlays/light/grid6-title1.png]
[lasik2c.com/templates/rt_diametric/images/overlays/light/grid7-title1.png]
[lasik2c.com/templates/rt_diametric/images/overlays/light/grid8-title1.png]
[lasik2c.com/templates/rt_diametric/images/overlays/light/grid9-title1.png]
[lasik2c.com/templates/rt_diametric/images/overlays/light/grid10-title1.png]
[lasik2c.com/templates/rt_diametric/images/overlays/light/grid11-title1.png]
[lasik2c.com/templates/rt_diametric/images/overlays/light/grid12-title1.png]
[lasik2c.com/templates/rt_diametric/images/overlays/light-15.png]
[lasik2c.com/templates/rt_diametric/images/overlays/dark/nav-lines.png]
[lasik2c.com/templates/rt_diametric/images/overlays/dark-40.png]
[lasik2c.com/templates/rt_diametric/images/overlays/dark/grid1-title1.png]
[lasik2c.com/templates/rt_diametric/images/overlays/dark/grid2-title1.png]
[lasik2c.com/templates/rt_diametric/images/overlays/dark/grid3-title1.png]
[lasik2c.com/templates/rt_diametric/images/overlays/dark/grid4-title1.png]
[lasik2c.com/templates/rt_diametric/images/overlays/dark/grid5-title1.png]
[lasik2c.com/templates/rt_diametric/images/overlays/dark/grid6-title1.png]
[lasik2c.com/templates/rt_diametric/images/overlays/dark/grid7-title1.png]
[lasik2c.com/templates/rt_diametric/images/overlays/dark/grid8-title1.png]
[lasik2c.com/templates/rt_diametric/images/overlays/dark/grid9-title1.png]
[lasik2c.com/templates/rt_diametric/images/overlays/dark/grid10-title1.png]
[lasik2c.com/templates/rt_diametric/images/overlays/dark/grid11-title1.png]
[lasik2c.com/templates/rt_diametric/images/overlays/dark/grid12-title1.png]
[lasik2c.com/templates/rt_diametric/images/overlays/dark/title-icons.png]
[lasik2c.com/templates/rt_diametric/images/overlays/light/font-sizer.png]
[lasik2c.com/templates/rt_diametric/images/overlays/dark/font-sizer.png]
[lasik2c.com/templates/rt_diametric/images/overlays/light-10.png]
[lasik2c.com/templates/rt_diametric/images/overlays/dark-20.png]
[lasik2c.com/templates/rt_diametric/images/overlays/light/mod-gradient.png]
[lasik2c.com/templates/rt_diametric/images/overlays/light/features-arrows.png]
[lasik2c.com/templates/rt_diametric/images/overlays/dark/mod-gradient.png]
[lasik2c.com/templates/rt_diametric/images/overlays/dark/features-arrows.png]
[lasik2c.com/templates/rt_diametric/images/overlays/light/newsflash-arrows.png]
[lasik2c.com/templates/rt_diametric/images/overlays/light/menu-item-overlay.png]
[lasik2c.com/templates/rt_diametric/images/overlays/dark/menu-item-overlay.png]
[lasik2c.com/templates/rt_diametric/images/overlays/dark/newsflash-arrows.png]
[lasik2c.com/templates/rt_diametric/images/overlays/dark/roknewspager-toggle.png]
[lasik2c.com/templates/rt_diametric/images/overlays/light/roknewspager-toggle.png]
[lasik2c.com/templates/rt_diametric/images/overlays/light/roknewspager-arrows.png]
[lasik2c.com/templates/rt_diametric/images/overlays/dark-10.png]
[lasik2c.com/templates/rt_diametric/images/overlays/dark/roknewspager-arrows.png]
[lasik2c.com/templates/rt_diametric/images/overlays/light-40.png]
[lasik2c.com/templates/rt_diametric/images/overlays/dark/showbg.jpg]
[lasik2c.com/templates/rt_diametric/images/overlays/dark/V-1_06.jpg]
[lasik2c.com/templates/rt_diametric/images/overlays/dark/V-1_08.jpg]
[lasik2c.com/templates/rt_diametric/images/overlays/dark/V-1_10.jpg]
[lasik2c.com/templates/rt_diametric/images/overlays/dark/V-1_12.jpg]
[lasik2c.com/templates/rt_diametric/css/overlays.css]
[lasik2c.com/templates/rt_diametric/images/overlays/light/body-overlay.png]
[lasik2c.com/templates/rt_diametric/images/overlays/light/article-separator.png]
[lasik2c.com/templates/rt_diametric/images/overlays/light/social-icons.png]
[lasik2c.com/templates/rt_diametric/images/overlays/light-80.png]
[lasik2c.com/templates/rt_diametric/images/overlays/light/search-controls.png]
[lasik2c.com/templates/rt_diametric/images/overlays/light-90.png]
[lasik2c.com/templates/rt_diametric/images/overlays/light/twittie-arrow.png]
[lasik2c.com/templates/rt_diametric/css/body-light.css]
[lasik2c.com/templates/rt_diametric/images/overlays/light/nav-overlay.png]
[lasik2c.com/templates/rt_diametric/images/overlays/light/nav3-overlay.png]
[lasik2c.com/templates/rt_diametric/images/overlays/light/menu-shadow.png]
[lasik2c.com/templates/rt_diametric/images/overlays/light/menu-separator.png]
[lasik2c.com/templates/rt_diametric/images/overlays/light/nav2-overlay.png]
[lasik2c.com/templates/rt_diametric/css/menu-light.css]
[lasik2c.com/templates/rt_diametric/images/typography/dark/quote-l.png]
[lasik2c.com/templates/rt_diametric/images/typography/light/quote-l.png]
[lasik2c.com/templates/rt_diametric/images/typography/dark/quote-r.png]
[lasik2c.com/templates/rt_diametric/images/typography/light/quote-r.png]
[lasik2c.com/templates/rt_diametric/images/typography/dark/pre-lines.png]
[lasik2c.com/templates/rt_diametric/images/typography/light/pre-lines.png]
[lasik2c.com/templates/rt_diametric/images/typography/dark/icon-set1.png]
[lasik2c.com/templates/rt_diametric/images/typography/light/icon-set1.png]
[lasik2c.com/templates/rt_diametric/images/typography/dark/icon-set2.png]
[lasik2c.com/templates/rt_diametric/images/typography/light/icon-set2.png]
[lasik2c.com/templates/rt_diametric/images/typography/dark/icon-set3.png]
[lasik2c.com/templates/rt_diametric/images/typography/light/icon-set3.png]
[lasik2c.com/templates/rt_diametric/images/overlays/light/checkbox.png]
[lasik2c.com/templates/rt_diametric/images/overlays/dark/checkbox.png]
[lasik2c.com/templates/rt_diametric/images/overlays/light/dots.png]
[lasik2c.com/templates/rt_diametric/css/typography.css]
[lasik2c.com/templates/rt_diametric/images/social/icons.png]
[lasik2c.com/templates/rt_diametric/images/social/social-overlay.png]
[lasik2c.com/templates/rt_diametric/css/extensions.css]
[lasik2c.com/images/stories/demo/general/preset-style-icons.png]
[lasik2c.com/templates/rt_diametric/css/demo-styles.css]
[lasik2c.com/templates/rt_diametric/fonts/novecentowide-normal-webfont.eot]
[lasik2c.com/templates/rt_diametric/fonts/novecentowide-normal-webfont.woff]
[lasik2c.com/templates/rt_diametric/fonts/novecentowide-normal-webfontd41d.eot]
[lasik2c.com/templates/rt_diametric/fonts/novecentowide-normal-webfont.ttf]
[lasik2c.com/templates/rt_diametric/fonts/novecentowide-medium-webfont.eot]
[lasik2c.com/templates/rt_diametric/fonts/novecentowide-medium-webfont.woff]
[lasik2c.com/templates/rt_diametric/fonts/novecentowide-medium-webfontd41d.eot]
[lasik2c.com/templates/rt_diametric/fonts/novecentowide-medium-webfont.ttf]
[lasik2c.com/templates/rt_diametric/fonts/novecentowide-demibold-webfont.eot]
[lasik2c.com/templates/rt_diametric/fonts/novecentowide-demibold-webfont.woff]
[lasik2c.com/templates/rt_diametric/fonts/novecentowide-demibold-webfontd41d.eot]
[lasik2c.com/templates/rt_diametric/fonts/novecentowide-demibold-webfont.ttf]
[lasik2c.com/templates/rt_diametric/images/logo/preset1/logo.png]
[lasik2c.com/templates/rt_diametric/images/logo/preset2/logo.png]
[lasik2c.com/templates/rt_diametric/images/logo/preset3/logo.png]
[lasik2c.com/templates/rt_diametric/images/logo/preset4/logo.png]
[lasik2c.com/templates/rt_diametric/images/logo/preset5/logo.png]
[lasik2c.com/templates/rt_diametric/images/logo/preset6/logo.png]
[lasik2c.com/templates/rt_diametric/images/logo/preset7/logo.png]
[lasik2c.com/templates/rt_diametric/images/logo/preset8/logo.png]
[lasik2c.com/templates/rt_diametric/images/logo/preset9/logo.png]
[lasik2c.com/templates/rt_diametric/images/logo/preset10/logo.png]
[lasik2c.com/templates/rt_diametric/images/logo/preset11/logo.png]
[lasik2c.com/templates/rt_diametric/images/logo/preset12/logo.png]
[lasik2c.com/templates/rt_diametric/images/overlays/backgrounds/rubber.png]
[lasik2c.com/templates/rt_diametric/images/overlays/backgrounds/planks.png]
[lasik2c.com/templates/rt_diametric/images/overlays/backgrounds/plaid-fabric.png]
[lasik2c.com/templates/rt_diametric/images/overlays/backgrounds/vertical-linen.png]
[lasik2c.com/templates/rt_diametric/images/overlays/backgrounds/woven-fabric.png]
[lasik2c.com/templates/rt_diametric/images/overlays/backgrounds/diagonal.png]
[lasik2c.com/templates/rt_diametric/images/overlays/backgrounds/rough-fabric.png]
[lasik2c.com/templates/rt_diametric/images/overlays/backgrounds/ravenna.png]
[lasik2c.com/templates/rt_diametric/images/overlays/backgrounds/grip.png]
[lasik2c.com/templates/rt_diametric/images/overlays/backgrounds/wood.png]
[lasik2c.com/templates/rt_diametric/images/overlays/backgrounds/metal.png]
[lasik2c.com/templates/rt_diametric/images/overlays/backgrounds/denim.png]
[lasik2c.com/templates/rt_diametric/images/overlays/backgrounds/carbon.png]
[lasik2c.com/templates/rt_diametric/images/overlays/backgrounds/noise.png]
[lasik2c.com/templates/rt_diametric/images/overlays/backgrounds/dustnscratches.png]
[lasik2c.com/templates/rt_diametric/images/overlays/backgrounds/plaid.png]
[lasik2c.com/templates/rt_diametric/images/overlays/backgrounds/elegant.png]
[lasik2c.com/templates/rt_diametric/images/overlays/backgrounds/grunge.png]
[lasik2c.com/templates/rt_diametric/images/overlays/backgrounds/textile.png]
[lasik2c.com/templates/rt_diametric/css/template.css]
[lasik2c.com/templates/rt_diametric/css/grabbing.png]
[lasik2c.com/templates/rt_diametric/css/owl.carousel.css]
[lasik2c.com/templates/rt_diametric/css/AjaxLoader.gif]
[lasik2c.com/templates/rt_diametric/css/owl.theme.css]
[lasik2c.com/templates/rt_diametric/css/fusionmenu.css]
[lasik2c.com/media/com_acymailing/css/module_default.css]
[lasik2c.com/modules/mod_bt_googlemaps/tmpl/css/style.css]
[lasik2c.com/modules/mod_djimageslider/assets/slimbox/css/loading.gif]
[lasik2c.com/modules/mod_djimageslider/assets/slimbox/css/prevlabel.gif]
[lasik2c.com/modules/mod_djimageslider/assets/slimbox/css/nextlabel.gif]
[lasik2c.com/modules/mod_djimageslider/assets/slimbox/css/slimbox.css]
[lasik2c.com/modules/mod_djimageslider/assets/slimbox/css/closelabel.gif]
[lasik2c.com/modules/mod_djimageslider/assets/loader.gif]
[lasik2c.com/modules/mod_djimageslider/assets/style.css]
[lasik2c.com/templates/rt_diametric/roksprocket/layouts/tabs/themes/default/tabs.css]
[lasik2c.com/modules/mod_news_show_sp2/assets/images/more.png]
[lasik2c.com/modules/mod_news_show_sp2/assets/images/hits.png]
[lasik2c.com/modules/mod_news_show_sp2/assets/images/comments.png]
[lasik2c.com/modules/mod_news_show_sp2/assets/images/transparent_star.png]
[lasik2c.com/modules/mod_news_show_sp2/assets/images/loader.gif]
[lasik2c.com/modules/mod_news_show_sp2/assets/images/nav-buttons.png]
[lasik2c.com/modules/mod_news_show_sp2/assets/css/mod_news_show_sp2.css]
[lasik2c.com/modules/mod_uniteswitcher/tmpl/images/arrows/down-arrow.png]
[lasik2c.com/modules/mod_uniteswitcher/tmpl/transparent.css]
[lasik2c.com/modules/mod_rokajaxsearch/images/spinner.gif]
[lasik2c.com/modules/mod_rokajaxsearch/images/youtube.jpg]
[lasik2c.com/modules/mod_rokajaxsearch/images/google.jpg]
[lasik2c.com/modules/mod_rokajaxsearch/css/rokajaxsearch.css]
[lasik2c.com/modules/mod_rokajaxsearch/themes/blue/search-icon.png]
[lasik2c.com/modules/mod_rokajaxsearch/themes/blue/close.png]
[lasik2c.com/modules/mod_rokajaxsearch/themes/blue/right-arrow.png]
[lasik2c.com/modules/mod_rokajaxsearch/themes/blue/rokajaxsearch-theme.css]
[lasik2c.com/modules/mod_rokajaxsearch/themes/blue/left-arrow.png]
[lasik2c.com/plugins/system/videobox/css/videobox.css]
[lasik2c.com/libraries/videobox/css/closelabel.gif]
[lasik2c.com/libraries/videobox/css/close.png]
[lasik2c.com/libraries/videobox/css/close_h.png]
[lasik2c.com/libraries/videobox/css/videobox.css]
[lasik2c.com/libraries/videobox/css/vbico.woff]
[lasik2c.com/libraries/videobox/css/vbico.ttf]
[lasik2c.com/libraries/videobox/css/vbico.eot]
[lasik2c.com/libraries/videobox/css/functions.css]
[lasik2c.com/images/doctors/dr_tomy_starck.jpg]
[lasik2c.com/images/doctors/DrBwebsitepic.jpg]
[lasik2c.com/images/doctors/dr_mikelson_momPremier.jpg]
[lasik2c.com/images/doctors/dr_cody_harrison.jpg]
[lasik2c.com/images/doctors/dr_tony_urbina.jpg]
[lasik2c.com/practice/meet-the-doctors.html]
[lasik2c.com/modules/mod_xpertgallery/assets/css/xpertgallery.css]
[ajax.googleapis.com/ajax/libs/jquery/1.9.1/jquery.min.js]
[lasik2c.com/cache/mod_xpertgallery/e6144048141e92b3adde0d5c41a9b7fc_resized.jpg]
[lasik2c.com/cache/mod_xpertgallery/0a1d62c1785729cf16b0aa6dfa207f91_resized.jpg]
[lasik2c.com/practice/co-managing-optometrists/12-gallery/12-dr-rene-altamirano-dr-starck.html]
[lasik2c.com/practice/co-managing-optometrists/12-gallery/13-dr-ana-carr-dr-starck.html]
[lasik2c.com/cache/mod_xpertgallery/de4a65af347878597c531c0328894cac_resized.jpg]
[lasik2c.com/cache/mod_xpertgallery/0b67694d22b8def6052f318572871723_resized.jpg]
[lasik2c.com/practice/co-managing-optometrists/12-gallery/14-dr-hyun-joo-chung-dr-starck.html]
[lasik2c.com/practice/co-managing-optometrists.html]
[lasik2c.com/practice/the-ultravision-lifetime-pledge.html]
[lasik2c.com/plugins/system/plugin_googlemap3/plugin_googlemap3.css.css]
[lasik2c.com/practice/co-managing-optometrists/12-gallery/15-dr-raul-trevino-dr-starck.html]
[lasik2c.com/media/plugin_googlemap3/site/googleearthv3/googleearth.js]
[lasik2c.com/images/locations/1.jpg]
[lasik2c.com/media/plugin_googlemap3/site/googlemaps/googlemapsv3.js]
[lasik2c.com/images/locations/WELL-MED.png]
[lasik2c.com/images/locations/eagle-pass.png]
[lasik2c.com/practice/our-locations.html]
[lasik2c.com/plugins/content/sige/plugin_sige/sige.css]
[lasik2c.com/plugins/content/sige/plugin_sige/slimbox.js]
[lasik2c.com/plugins/content/sige/plugin_sige/slimbox.css]
[lasik2c.com/images/ultrafun/-55.jpg]
[lasik2c.com/plugins/content/sige/plugin_sige/showthumb7177.php]
[lasik2c.com/images/ultrafun/-56.jpg]
[lasik2c.com/plugins/content/sige/plugin_sige/showthumba371.php]
[lasik2c.com/images/ultrafun/-93.jpg]
[lasik2c.com/plugins/content/sige/plugin_sige/showthumb0cb7.php]
[lasik2c.com/images/ultrafun/SummerRejuve2011_16.jpg]
[lasik2c.com/plugins/content/sige/plugin_sige/showthumb2a01.php]
[lasik2c.com/images/ultrafun/SummerRejuve2011_19.jpg]
[lasik2c.com/plugins/content/sige/plugin_sige/showthumbbab1.php]
[lasik2c.com/images/ultrafun/coyote_013.jpg]
[lasik2c.com/plugins/content/sige/plugin_sige/showthumbf84b.php]
[lasik2c.com/images/ultrafun/coyote_018.jpg]
[lasik2c.com/plugins/content/sige/plugin_sige/showthumbdd14.php]
[lasik2c.com/images/ultrafun/coyote_022.jpg]
[lasik2c.com/plugins/content/sige/plugin_sige/showthumb89bb.php]
[lasik2c.com/images/ultrafun/coyote_025.jpg]
[lasik2c.com/plugins/content/sige/plugin_sige/showthumb99ab.php]
[lasik2c.com/images/ultrafun/coyote_028.jpg]
[lasik2c.com/plugins/content/sige/plugin_sige/showthumbb041.php]
[lasik2c.com/images/ultrafun/coyote_030.jpg]
[lasik2c.com/plugins/content/sige/plugin_sige/showthumb0cac.php]
[lasik2c.com/images/ultrafun/coyote_032.jpg]
[lasik2c.com/plugins/content/sige/plugin_sige/showthumb676e.php]
[lasik2c.com/images/ultrafun/coyote_033.jpg]
[lasik2c.com/plugins/content/sige/plugin_sige/showthumbf0ef.php]
[lasik2c.com/images/ultrafun/coyote_040.jpg]
[lasik2c.com/plugins/content/sige/plugin_sige/showthumbd3c5.php]
[lasik2c.com/practice/photos.html]
[lasik2c.com/images/clients/Cassie_Doherty_copia-d0e2d48081.jpg]
[lasik2c.com/plugins/content/sige/plugin_sige/showthumbb33a.php]
[lasik2c.com/images/clients/David_Molina_copia-089652dce2.jpg]
[lasik2c.com/plugins/content/sige/plugin_sige/showthumb4d62.php]
[lasik2c.com/images/clients/Deborah_Riojas_copia-f8874f4731.jpg]
[lasik2c.com/plugins/content/sige/plugin_sige/showthumb93e1.php]
[lasik2c.com/images/clients/Harry_Trumble_copia-63f08637f3.jpg]
[lasik2c.com/plugins/content/sige/plugin_sige/showthumb68b0.php]
[lasik2c.com/images/clients/Ismael_Mendoza_copia-387ac7ccf8.jpg]
[lasik2c.com/plugins/content/sige/plugin_sige/showthumb8f76.php]
[lasik2c.com/images/clients/Josh_Hutcheson_copia-7eecca6c7f.jpg]
[lasik2c.com/plugins/content/sige/plugin_sige/showthumb1dbb.php]
[lasik2c.com/images/clients/Kathryn_McGill_copia-c180cc273f.jpg]
[lasik2c.com/plugins/content/sige/plugin_sige/showthumb073c.php]
[lasik2c.com/images/clients/Kimberly_Puricelli_copia-170b05266f.jpg]
[lasik2c.com/plugins/content/sige/plugin_sige/showthumb57b3.php]
[lasik2c.com/images/clients/Lori_Brissette_copia-ad10c3fbba.jpg]
[lasik2c.com/plugins/content/sige/plugin_sige/showthumb2f7f.php]
[lasik2c.com/images/clients/Vincent_Gacilo_copia-6ec02696fb.jpg]
[lasik2c.com/plugins/content/sige/plugin_sige/showthumb77d3.php]
[lasik2c.com/practice/clients.html]
[lasik2c.com/practice/career-opportunities3b1e.html]
[lasik2c.com/libraries/cegcore/assets/bootstrap/css/bootstrap.css]
[lasik2c.com/libraries/cegcore/assets/bootstrap/css/bootstrap-theme.css]
[lasik2c.com/libraries/cegcore/assets/bootstrap/css/bootstrap-gcore.css]
[lasik2c.com/libraries/cegcore/assets/font_awesome/css/font-awesome.css]
[lasik2c.com/libraries/cegcore/assets/gplugins/gtooltip/gtooltip.css]
[lasik2c.com/libraries/cegcore/assets/gplugins/gdatetimepicker/gdatetimepicker.css]
[lasik2c.com/libraries/cegcore/assets/gplugins/gtooltip/gtooltip.js]
[lasik2c.com/libraries/cegcore/assets/jquery/jquery.js]
[lasik2c.com/libraries/cegcore/assets/gplugins/gvalidation/gvalidation.js]
[lasik2c.com/libraries/cegcore/assets/bootstrap/js/bootstrap.js]
[lasik2c.com/libraries/cegcore/assets/gplugins/gvalidation/lang/en.js]
[lasik2c.com/index9fa2.png]
[lasik2c.com/component/chronoforms5/index49bc.html]
[lasik2c.com/practice/career-opportunities.html]
[lasik2c.com/practice/blog.html]
[lasik2c.com/libraries/cegcore/assets/gplugins/gdatetimepicker/gdatetimepicker.js]
[lasik2c.com/images/3OPHTHALMOLOGY-tomy.png]
[lasik2c.com/libraries/cegcore/assets/jquery/jquery.inputmask.js]
[lasik2c.com/images/Figure-1-Pterygium-before-surgery.jpg]
[lasik2c.com/procedures/ophthalmology.html]
[lasik2c.com/images/k.png]
[lasik2c.com/procedures/keratoconus.html]
[lasik2c.com/images/ULTRAOPTIK-junio-4-2012.jpg]
[lasik2c.com/procedures/ultraoptik.html]
[lasik2c.com/images/intralase.gif]
[lasik2c.com/procedures/intralase-technology.html]
[lasik2c.com/lasik.html]
[lasik2c.com/images/Am-I-A-Candidate-juni0-4-2012.jpg]
[lasik2c.com/lasik/am-i-a-candidate.html]
[lasik2c.com/lasik/zyoptix.html]
[lasik2c.com/images/2INTRALASE-13-juni-2012.png]
[lasik2c.com/lasik/intralase.html]
[lasik2c.com/lasik/wavefront-comparison-chart.html]
[lasik2c.com/components/com_roksprocket/layouts/lists/themes/portrait/portrait.css]
[lasik2c.com/components/com_roksprocket/assets/js/roksprocket.request.js]
[lasik2c.com/components/com_roksprocket/layouts/lists/assets/js/lists.js]
[lasik2c.com/components/com_roksprocket/layouts/lists/themes/portrait/portrait.js]
[lasik2c.com/images/THE-BAUSCH--LOMB-LASER-USED-FOR-ZYOPTIX.jpg]
[lasik2c.com/images/clarity.jpg]
[lasik2c.com/images/consistengy.jpg]
[lasik2c.com/images/24-hours.jpg]
[lasik2c.com/lasik/the-bausch-lomb-laser.html]
[lasik2c.com/lasik/frequently-asked-questions-about-zyoptix.html]
[lasik2c.com/images/LASIK-ALTERNATIVAS-tomy-stark.png]
[lasik2c.com/lasik/lasik-alternatives.html]
[lasik2c.com/plugins/system/videobox/cache/sizers/29464d5a52c51e9975bc244c81795f7b.png]
[lasik2c.com/http_/lasik2c.com/index.php]
[lasik2c.com/index-2.html]
[lasik2c.com/testimonials/items]
[lasik2c.com/components/com_spsimpleportfolio/assets/css/featherlight.min.css]
[lasik2c.com/components/com_spsimpleportfolio/assets/css/spsimpleportfolio.css]
[lasik2c.com/components/com_spsimpleportfolio/assets/js/jquery.shuffle.modernizr.min.js]
[lasik2c.com/components/com_spsimpleportfolio/assets/js/featherlight.min.js]
[lasik2c.com/components/com_spsimpleportfolio/assets/js/spsimpleportfolio.js]
[lasik2c.com/images/spsimpleportfolio/dr-john-day-testimonial/Dr_John_Day_600x600.jpg]
[lasik2c.com/component/spsimpleportfolio/index49bc.html]
[lasik2c.com/testimonials/item/1-dr-john-day-testimonial.html]
[lasik2c.com/images/spsimpleportfolio/dr-chu-testimonial/Dr_Chu_600x600.jpg]
[lasik2c.com/testimonials/item/2-dr-chu-testimonial.html]
[lasik2c.com/images/spsimpleportfolio/dr-chu-dr-patel/Dr_Chu_Dr_Patel_600x600.jpg]
[lasik2c.com/images/spsimpleportfolio/dr-michelle-cantu-testimonial/Dr_Michelle_Cantu_600x600.jpg]
[lasik2c.com/testimonials/item/3-dr-chu-dr-patel.html]
[lasik2c.com/images/spsimpleportfolio/dr-patel-testimonial/Dr_Patel_600x600.jpg]
[lasik2c.com/testimonials/item/4-dr-michelle-cantu-testimonial.html]
[lasik2c.com/images/spsimpleportfolio/dr-chuck-doan-testimonial/Dr_Chuck_Doan_600x600.jpg]
[lasik2c.com/testimonials/item/5-dr-patel-testimonial.html]
[lasik2c.com/testimonials/item/6-dr-chuck-doan-testimonial.html]
[lasik2c.com/images/spsimpleportfolio/dr-candace-kenton-testimonial/Dr_Candace_Kenton_600x600.jpg]
[lasik2c.com/images/spsimpleportfolio/dr-juan-bonilla-testimonial/Dr_Juan_Bonilla_600x600.jpg]
[lasik2c.com/testimonials/item/7-dr-candace-kenton-testimonial.html]
[lasik2c.com/testimonials/item/8-dr-juan-bonilla-testimonial.html]
[lasik2c.com/images/spsimpleportfolio/sandy-for-dr-starck-from-san-antonio/Dr_Starck_600x600.jpg]
[lasik2c.com/testimonials/item/9-sandy-for-dr-starck-from-san-antonio.html]
[lasik2c.com/testimonials.html]
[lasik2c.com/images/logo-care-credit.png]
[lasik2c.com/images/logo-care-credit-calculator.png]
[lasik2c.com/payments.html]
[lasik2c.com/modules/mod_sp_quickcontact/assets/css/style.css]
[lasik2c.com/contact-us.html]
[lasik2c.com/modules/mod_sp_quickcontact/assets/js/script.js]
[lasik2c.com/images/weve_partnered_with_vps_insurance.jpg]
[lasik2c.com/18-latest-news/87-we-ve-partnered-with-vsp-insurance.html]
[lasik2c.com/images/corneal_transplant_patient.jpg]
[lasik2c.com/18-latest-news/84-corneal-transplant-patient-thanks-ultravision.html]
[lasik2c.com/images/news2.png]
[lasik2c.com/18-latest-news/83-cataract-surgery-by-dr-tomy-starck-in-san-antonio-kens-5-interviewcataract-surgery-by-dr-tomy-starck-in-san-antonio-kens-5-interview-2012.html]
[lasik2c.com/index5ff3.png]
[lasik2c.com/e-scheduler.html]
[lasik2c.com/index.php/en/testimonials.html]
[lasik2c.com/index.php/lasik/am-i-a-candidate.html]
[lasik2c.com/index.php/en/faq.html]
[lasik2c.com/libraries/gantry/assets/jui/fonts/fontawesome-webfont.svg]
[lasik2c.com/templates/rt_diametric/images/home.html]
[lasik2c.com/templates/rt_diametric/fonts/novecentowide-normal-webfont.svg]
[lasik2c.com/templates/rt_diametric/fonts/novecentowide-medium-webfont.svg]
[lasik2c.com/templates/rt_diametric/fonts/novecentowide-demibold-webfont.svg]
[lasik2c.com/templates/rt_diametric/images/overlays/backgrounds/rubber.html]
[lasik2c.com/templates/rt_diametric/images/overlays/backgrounds/planks.html]
[lasik2c.com/templates/rt_diametric/images/overlays/backgrounds/plaid-fabric.html]
[lasik2c.com/templates/rt_diametric/images/overlays/backgrounds/vertical-linen.html]
[lasik2c.com/templates/rt_diametric/images/overlays/backgrounds/woven-fabric.html]
[lasik2c.com/templates/rt_diametric/images/overlays/backgrounds/diagonal.html]
[lasik2c.com/templates/rt_diametric/images/overlays/backgrounds/rough-fabric.html]
[lasik2c.com/templates/rt_diametric/images/overlays/backgrounds/ravenna.html]
[lasik2c.com/templates/rt_diametric/images/overlays/backgrounds/grip.html]
[lasik2c.com/templates/rt_diametric/images/overlays/backgrounds/wood.html]
[lasik2c.com/templates/rt_diametric/images/overlays/backgrounds/metal.html]
[lasik2c.com/templates/rt_diametric/images/overlays/backgrounds/denim.html]
[lasik2c.com/templates/rt_diametric/images/overlays/backgrounds/carbon.html]
[lasik2c.com/templates/rt_diametric/images/overlays/backgrounds/noise.html]
[lasik2c.com/templates/rt_diametric/images/overlays/backgrounds/dustnscratches.html]
[lasik2c.com/templates/rt_diametric/images/overlays/backgrounds/plaid.html]
[lasik2c.com/templates/rt_diametric/images/overlays/backgrounds/elegant.html]
[lasik2c.com/templates/rt_diametric/images/overlays/backgrounds/grunge.html]
[lasik2c.com/templates/rt_diametric/images/overlays/backgrounds/textile.html]
[lasik2c.com/templates/rt_diametric/css/grabbing.html]
[lasik2c.com/templates/rt_diametric/css/AjaxLoader.html]
[lasik2c.com/libraries/videobox/css/vbico.svg]
[lasik2c.com/e-scheduler3b1e.html]
[lasik2c.com/modules/mod_xpertgallery/assets/img/icon-preview.png]
[lasik2c.com/modules/mod_xpertgallery/assets/img/icon-link.png]
[lasik2c.com/modules/mod_xpertgallery/assets/css/xpertgallery.css]
[lasik2c.com/practice/co-managing-optometrists/12-gallery/12-dr-rene-altamirano-dr-starck.html]
[lasik2c.com/images/gallery/1-Dr-Rene-Altamirano--Dr-Starck-6d56f4652d.jpg]
[lasik2c.com/12-gallery/12-dr-rene-altamirano-dr-starck.html]
[lasik2c.com/images/gallery/2-Dr-Ana-Carr--Dr-Starck-ed154ee1a5.jpg]
[lasik2c.com/practice/co-managing-optometrists/12-gallery/13-dr-ana-carr-dr-starck.html]
[lasik2c.com/12-gallery/13-dr-ana-carr-dr-starck.html]
[lasik2c.com/images/gallery/3-Dr_Chung_and_Dr_Starck-a52bf1ed91.jpg]
[lasik2c.com/practice/co-managing-optometrists/12-gallery/14-dr-hyun-joo-chung-dr-starck.html]
[lasik2c.com/12-gallery/14-dr-hyun-joo-chung-dr-starck.html]
[lasik2c.com/images/gallery/4-Dr-Raul-Trevino--Dr-Starck-5e8028c10b.jpg]
[lasik2c.com/12-gallery/15-dr-raul-trevino-dr-starck.html]
[lasik2c.com/practice/co-managing-optometrists/12-gallery/15-dr-raul-trevino-dr-starck.html]
[lasik2c.com/plugins/system/plugin_googlemap3/plugin_googlemap3.css.css]
[lasik2c.com/plugins/content/sige/plugin_sige/shadowAlpha.png]
[lasik2c.com/plugins/content/sige/plugin_sige/sige.css]
[lasik2c.com/plugins/content/sige/plugin_sige/loading.gif]
[lasik2c.com/plugins/content/sige/plugin_sige/prevlabel.gif]
[lasik2c.com/plugins/content/sige/plugin_sige/nextlabel.gif]
[lasik2c.com/plugins/content/sige/plugin_sige/closelabel.gif]
[lasik2c.com/plugins/content/sige/plugin_sige/slimbox.css]
[lasik2c.com/indexd52b.png]
[lasik2c.com/practice/career-opportunities3b1e.html]
[lasik2c.com/component/chronoforms5/index4129.html]
[lasik2c.com/libraries/cegcore/assets/bootstrap/fonts/glyphicons-halflings-regular.eot]
[lasik2c.com/libraries/cegcore/assets/bootstrap/fonts/glyphicons-halflings-regulard41d.eot]
[lasik2c.com/libraries/cegcore/assets/bootstrap/fonts/glyphicons-halflings-regular.woff]
[lasik2c.com/libraries/cegcore/assets/bootstrap/fonts/glyphicons-halflings-regular.ttf]
[lasik2c.com/libraries/cegcore/assets/bootstrap/fonts/glyphicons-halflings-regular.svg]
[lasik2c.com/libraries/cegcore/assets/bootstrap/css/bootstrap.css]
[lasik2c.com/libraries/cegcore/assets/bootstrap/css/bootstrap-theme.css]
[lasik2c.com/libraries/cegcore/assets/bootstrap/css/bootstrap-gcore.css]
[lasik2c.com/libraries/cegcore/assets/font_awesome/fonts/fontawesome-webfont78ce.eot]
[lasik2c.com/libraries/cegcore/assets/font_awesome/fonts/fontawesome-webfontd41d.eot]
[lasik2c.com/libraries/cegcore/assets/font_awesome/fonts/fontawesome-webfont78ce.woff]
[lasik2c.com/libraries/cegcore/assets/font_awesome/fonts/fontawesome-webfont78ce.ttf]
[lasik2c.com/libraries/cegcore/assets/font_awesome/css/font-awesome.css]
[lasik2c.com/libraries/cegcore/assets/gplugins/gtooltip/gtooltip.css]
[lasik2c.com/libraries/cegcore/assets/gplugins/gvalidation/gvalidation.css]
[lasik2c.com/libraries/cegcore/assets/gplugins/gdatetimepicker/gdatetimepicker.css]
[lasik2c.com/component/chronoforms5/index49bc.html]
[lasik2c.com/component/chronoforms5/index.html]
[lasik2c.com/components/com_roksprocket/layouts/lists/themes/portrait/portrait.css]
[lasik2c.com/http_/lasik2c.com/index.html]
[lasik2c.com/testimonials/items.html]
[lasik2c.com/components/com_spsimpleportfolio/assets/css/featherlight.min.css]
[lasik2c.com/components/com_spsimpleportfolio/assets/img/icon-play.png]
[lasik2c.com/components/com_spsimpleportfolio/assets/css/spsimpleportfolio.css]
[lasik2c.com/component/spsimpleportfolio/index49bc.html]
[lasik2c.com/testimonials/item/1.html]
[lasik2c.com/testimonials/item/1-dr-john-day-testimonial.html]
[lasik2c.com/component/spsimpleportfolio/item/149bc.html]
[lasik2c.com/testimonials/item/2.html]
[lasik2c.com/testimonials/item/2-dr-chu-testimonial.html]
[lasik2c.com/component/spsimpleportfolio/item/249bc.html]
[lasik2c.com/testimonials/item/3.html]
[lasik2c.com/testimonials/item/3-dr-chu-dr-patel.html]
[lasik2c.com/component/spsimpleportfolio/item/349bc.html]
[lasik2c.com/testimonials/item/4.html]
[lasik2c.com/testimonials/item/4-dr-michelle-cantu-testimonial.html]
[lasik2c.com/component/spsimpleportfolio/item/449bc.html]
[lasik2c.com/testimonials/item/5.html]
[lasik2c.com/testimonials/item/5-dr-patel-testimonial.html]
[lasik2c.com/component/spsimpleportfolio/item/549bc.html]
[lasik2c.com/testimonials/item/6.html]
[lasik2c.com/testimonials/item/6-dr-chuck-doan-testimonial.html]
[lasik2c.com/component/spsimpleportfolio/item/649bc.html]
[lasik2c.com/testimonials/item/7.html]
[lasik2c.com/testimonials/item/7-dr-candace-kenton-testimonial.html]
[lasik2c.com/component/spsimpleportfolio/item/749bc.html]
[lasik2c.com/testimonials/item/8.html]
[lasik2c.com/testimonials/item/8-dr-juan-bonilla-testimonial.html]
[lasik2c.com/component/spsimpleportfolio/item/849bc.html]
[lasik2c.com/testimonials/item/9.html]
[lasik2c.com/testimonials/item/9-sandy-for-dr-starck-from-san-antonio.html]
[lasik2c.com/modules/mod_sp_quickcontact/assets/images/ajax-loader.gif]
[lasik2c.com/modules/mod_sp_quickcontact/assets/css/style.css]
[lasik2c.com/indexfe9f.png]
[lasik2c.com/e-scheduler3b1e.html]
[lasik2c.com/12-gallery/12-dr-rene-altamirano-dr-starck.html]
[lasik2c.com/12-gallery/13-dr-ana-carr-dr-starck.html]
[lasik2c.com/12-gallery/14-dr-hyun-joo-chung-dr-starck.html]
[lasik2c.com/12-gallery/15-dr-raul-trevino-dr-starck.html]
[lasik2c.com/component/spsimpleportfolio/item/949bc.html]
[lasik2c.com/component/chronoforms5/index4129.html]
[lasik2c.com/libraries/cegcore/assets/bootstrap/fonts/glyphicons-halflings-regular.html]
[lasik2c.com/libraries/cegcore/assets/bootstrap/fonts/glyphicons-halflings-regulard41d.html]
[lasik2c.com/libraries/cegcore/assets/bootstrap/fonts/glyphicons-halflings-regular-2.html]
[lasik2c.com/libraries/cegcore/assets/bootstrap/fonts/glyphicons-halflings-regular-3.html]
[lasik2c.com/libraries/cegcore/assets/bootstrap/fonts/glyphicons-halflings-regular-4.html]
[lasik2c.com/libraries/cegcore/assets/font_awesome/fonts/fontawesome-webfont78ce.svg]
[lasik2c.com/component/chronoforms5/index.html]
[lasik2c.com/testimonials/item/1.html]
[lasik2c.com/component/chronoforms5/index3b1e.html]
[lasik2c.com/component/spsimpleportfolio/item/149bc.html]
[lasik2c.com/testimonials/item/2.html]
[lasik2c.com/component/spsimpleportfolio/item/249bc.html]
[lasik2c.com/testimonials/item/3.html]
[lasik2c.com/component/spsimpleportfolio/item/1.html]
[lasik2c.com/component/spsimpleportfolio/item/2.html]
[lasik2c.com/component/spsimpleportfolio/item/349bc.html]
[lasik2c.com/testimonials/item/4.html]
[lasik2c.com/component/spsimpleportfolio/item/3.html]
[lasik2c.com/component/spsimpleportfolio/item/449bc.html]
[lasik2c.com/testimonials/item/5.html]
[lasik2c.com/component/spsimpleportfolio/item/4.html]
[lasik2c.com/component/spsimpleportfolio/item/549bc.html]
[lasik2c.com/testimonials/item/6.html]
[lasik2c.com/component/spsimpleportfolio/item/5.html]
[lasik2c.com/component/spsimpleportfolio/item/649bc.html]
[lasik2c.com/testimonials/item/7.html]
[lasik2c.com/component/spsimpleportfolio/item/6.html]
[lasik2c.com/component/spsimpleportfolio/item/749bc.html]
[lasik2c.com/testimonials/item/8.html]
[lasik2c.com/component/spsimpleportfolio/item/7.html]
[lasik2c.com/component/spsimpleportfolio/item/849bc.html]
[lasik2c.com/testimonials/item/9.html]
[lasik2c.com/component/spsimpleportfolio/item/8.html]
[lasik2c.com/component/spsimpleportfolio/item/949bc.html]
[lasik2c.com/component/chronoforms5/index3b1e.html]
[lasik2c.com/component/spsimpleportfolio/item/1.html]
[lasik2c.com/component/spsimpleportfolio/item/2.html]
[lasik2c.com/component/spsimpleportfolio/item/3.html]
[lasik2c.com/component/spsimpleportfolio/item/4.html]
[lasik2c.com/component/spsimpleportfolio/item/5.html]
[lasik2c.com/component/spsimpleportfolio/item/6.html]
[lasik2c.com/component/spsimpleportfolio/item/7.html]
[lasik2c.com/component/spsimpleportfolio/item/8.html]
[lasik2c.com/component/spsimpleportfolio/item/9.html]
[lasik2c.com/component/spsimpleportfolio/item/9.html]
